files/32.csv
id,week,center_id,meal_id,checkout_price,base_price,emailer_for_promotion,homepage_featured,num_orders
1154179,1,32,1207,315.25,315.25,0,0,53
1054944,2,32,1207,324.98,325.98,0,0,67
1327774,3,32,1207,312.4,311.4,0,0,69
1341353,4,32,1207,319.19,317.19,0,0,67
1449390,5,32,1207,323.01,323.01,0,0,54
1069539,6,32,1207,319.19,319.19,0,0,67
1439662,7,32,1207,323.98,323.98,0,0,13
1214124,8,32,1207,323.01,325.01,0,0,68
1049188,9,32,1207,318.22,317.22,0,0,54
1081421,10,32,1207,304.58,304.58,0,0,134
1335896,11,32,1207,317.22,317.22,0,0,176
1131083,12,32,1207,319.13,320.13,0,0,96
1125916,13,32,1207,323.98,324.98,0,0,121
1184569,14,32,1207,323.07,322.07,0,0,231
1147718,15,32,1207,318.22,317.22,0,0,176
1475138,16,32,1207,317.22,316.22,0,0,231
1126435,17,32,1207,314.34,316.22,1,0,242
1061653,18,32,1207,321.1,318.22,1,0,271
1239386,19,32,1207,323.98,323.98,0,0,148
1306464,20,32,1207,307.49,309.49,0,0,81
1017953,21,32,1207,320.16,319.16,0,0,162
1126888,22,32,1207,313.37,311.37,0,0,107
1329077,23,32,1207,317.22,318.22,0,0,54
1355649,24,32,1207,321.07,321.07,0,0,204
1497423,25,32,1207,307.49,309.49,0,0,108
1232159,26,32,1207,324.98,323.98,0,0,53
1279601,27,32,1207,320.13,321.13,0,0,107
1154676,28,32,1207,323.01,324.01,0,0,109
1422263,29,32,1207,313.34,313.34,0,0,150
1456660,30,32,1207,323.01,323.01,0,0,163
1269053,31,32,1207,301.73,300.73,0,0,53
1257831,32,32,1207,324.98,325.98,0,0,82
1199770,33,32,1207,324.98,323.98,0,0,150
1418074,34,32,1207,318.22,316.22,0,0,244
1000095,35,32,1207,313.31,313.31,0,0,123
1207184,36,32,1207,311.37,312.37,0,0,256
1029131,37,32,1207,317.19,319.19,0,0,69
1186729,38,32,1207,293,293,0,0,148
1376565,39,32,1207,325.01,323.01,0,0,42
1199122,40,32,1207,325.01,323.01,0,0,108
1428379,41,32,1207,311.4,312.4,0,0,203
1080716,42,32,1207,314.28,315.28,0,0,136
1405187,43,32,1207,293.91,295.91,0,0,148
1443060,44,32,1207,318.16,320.16,0,0,162
1090350,45,32,1207,315.25,316.25,0,0,257
1326120,46,32,1207,323.04,322.04,0,0,215
1087612,47,32,1207,317.25,317.25,0,0,149
1056676,48,32,1207,319.19,319.19,0,0,217
1277530,49,32,1207,282.27,318.19,1,0,297
1372013,50,32,1207,285.21,319.19,0,0,135
1136773,51,32,1207,288.12,318.19,1,0,297
1145145,52,32,1207,290.03,318.19,1,0,230
1115872,53,32,1207,315.28,315.28,0,0,297
1086699,54,32,1207,314.31,313.31,0,0,217
1210037,55,32,1207,319.19,319.19,0,0,189
1434547,56,32,1207,323.07,321.07,0,0,392
1386500,57,32,1207,323.98,324.98,0,0,94
1140462,58,32,1207,321.13,320.13,0,0,94
1204440,59,32,1207,312.34,314.34,0,0,148
1166354,60,32,1207,263.84,314.34,0,0,94
1108346,61,32,1207,290.09,288.09,0,0,135
1463248,62,32,1207,318.22,318.22,0,0,81
1301655,63,32,1207,321.1,321.1,0,0,53
1301174,64,32,1207,320.1,322.1,0,0,107
1182100,65,32,1207,318.19,317.19,0,0,69
1391546,66,32,1207,323.98,324.98,0,0,26
1265344,67,32,1207,316.25,317.25,0,0,202
1442040,68,32,1207,324.98,325.98,0,0,162
1182025,69,32,1207,325.98,324.98,0,0,135
1103071,70,32,1207,297.85,295.85,0,0,108
1358787,71,32,1207,308.52,306.52,0,0,150
1248532,72,32,1207,312.37,313.37,0,0,109
1491019,73,32,1207,322.07,322.07,0,0,163
1322543,74,32,1207,321.1,321.1,0,0,107
1033287,75,32,1207,317.22,317.22,0,0,123
1365461,76,32,1207,325.01,325.01,0,0,188
1362221,77,32,1207,320.1,322.1,0,0,122
1432153,78,32,1207,321.13,320.13,0,0,108
1202532,79,32,1207,320.1,320.1,0,0,134
1030458,80,32,1207,316.25,316.25,0,0,204
1297022,81,32,1207,325.01,323.01,0,0,95
1268530,82,32,1207,303.61,305.61,0,0,109
1446032,83,32,1207,315.25,317.25,0,0,244
1165914,84,32,1207,312.34,313.34,0,0,256
1384067,85,32,1207,325.98,324.98,0,0,40
1112409,86,32,1207,308.49,307.49,0,0,53
1277320,87,32,1207,323.07,321.07,0,0,189
1122650,88,32,1207,316.28,314.28,0,0,242
1130454,89,32,1207,315.28,315.28,0,0,95
1257593,90,32,1207,302.64,303.64,0,0,82
1356257,91,32,1207,305.55,307.55,0,0,149
1306530,92,32,1207,303.64,303.64,0,0,121
1249912,93,32,1207,306.55,306.55,0,0,190
1336955,94,32,1207,302.67,302.67,0,0,217
1029113,95,32,1207,318.19,318.19,0,0,68
1141864,96,32,1207,318.16,319.16,0,0,242
1229793,97,32,1207,310.43,311.43,0,0,122
1039701,98,32,1207,323.98,325.98,0,0,96
1321122,99,32,1207,287.15,323.98,0,0,175
1491030,100,32,1207,302.64,302.64,0,0,149
1273335,101,32,1207,284.21,302.64,1,0,216
1084336,102,32,1207,289.09,290.09,0,0,338
1153755,103,32,1207,288.12,288.12,0,0,121
1043633,104,32,1207,287.15,286.15,0,0,215
1399169,105,32,1207,280.36,280.36,0,0,229
1335642,106,32,1207,279.39,278.39,0,0,350
1115866,107,32,1207,293.97,291.97,0,0,150
1351023,108,32,1207,283.27,282.27,0,0,204
1123730,109,32,1207,284.24,285.24,0,0,175
1136647,110,32,1207,319.19,318.19,0,0,202
1255817,111,32,1207,321.07,318.19,1,1,298
1316981,112,32,1207,319.16,317.19,0,1,231
1309458,113,32,1207,317.19,319.19,0,0,149
1186356,114,32,1207,310.4,310.4,0,0,204
1094862,115,32,1207,308.49,308.49,0,0,109
1467416,116,32,1207,321.13,321.13,0,0,189
1491359,117,32,1207,317.19,318.19,0,0,189
1371768,118,32,1207,323.07,323.07,0,0,162
1432953,119,32,1207,322.07,322.07,0,0,135
1439285,120,32,1207,318.19,317.19,0,0,134
1191117,121,32,1207,314.28,318.19,1,0,189
1371731,122,32,1207,316.25,317.25,0,0,161
1117275,123,32,1207,314.34,314.34,0,0,149
1266751,124,32,1207,319.13,321.13,0,0,202
1280617,125,32,1207,317.22,316.22,0,0,121
1205023,126,32,1207,316.28,316.28,0,0,189
1282602,127,32,1207,357.99,356.99,0,0,230
1062266,128,32,1207,369.63,369.63,0,0,80
1080502,129,32,1207,318.19,367.63,1,0,217
1009385,130,32,1207,321.07,368.63,0,0,324
1485341,131,32,1207,312.34,367.63,0,0,230
1141694,132,32,1207,319.16,367.63,1,0,244
1443156,133,32,1207,358.9,360.9,0,0,162
1356355,134,32,1207,365.75,363.75,0,0,122
1100013,135,32,1207,352.17,352.17,0,0,190
1052513,136,32,1207,356.05,356.05,0,0,189
1492156,137,32,1207,354.08,353.08,0,0,136
1078365,138,32,1207,347.26,348.26,0,0,53
1202198,139,32,1207,359.87,359.87,0,0,107
1198111,140,32,1207,364.75,365.75,0,0,271
1317689,141,32,1207,361.87,359.87,0,0,204
1454206,142,32,1207,361.84,360.84,0,0,150
1082511,143,32,1207,354.05,355.05,0,0,108
1069923,144,32,1207,357.96,357.96,0,0,135
1082576,145,32,1207,369.63,367.63,0,0,108
1488872,1,32,1230,317.19,317.19,0,0,135
1031992,2,32,1230,313.37,313.37,0,0,107
1363738,3,32,1230,325.98,325.98,0,0,67
1320774,4,32,1230,315.28,315.28,0,0,95
1187363,5,32,1230,323.01,325.01,0,0,14
1441146,6,32,1230,316.22,317.22,0,0,122
1071483,7,32,1230,315.28,315.28,0,0,95
1277421,8,32,1230,315.25,315.25,0,0,68
1139615,9,32,1230,307.49,309.49,0,0,55
1178518,10,32,1230,316.22,318.22,0,0,188
1438285,11,32,1230,318.16,319.16,0,0,150
1225553,12,32,1230,321.13,321.13,0,0,96
1385872,13,32,1230,321.1,322.1,0,0,123
1163099,14,32,1230,310.4,312.4,0,0,136
1138727,15,32,1230,324.98,324.98,0,0,109
1125962,16,32,1230,325.01,324.01,0,0,68
1312678,17,32,1230,312.4,325.01,1,0,162
1352376,18,32,1230,310.4,325.01,1,0,202
1486569,19,32,1230,309.43,309.43,0,0,148
1068968,20,32,1230,320.16,319.16,0,0,175
1301198,21,32,1230,320.16,320.16,0,0,312
1323638,22,32,1230,317.19,319.19,0,0,297
1373531,23,32,1230,318.22,317.22,0,0,122
1421741,24,32,1230,321.13,319.13,0,0,271
1039205,25,32,1230,318.16,320.16,0,0,202
1447425,26,32,1230,318.19,319.19,0,0,202
1142472,27,32,1230,319.19,318.19,0,0,312
1331016,28,32,1230,318.16,320.16,0,0,189
1466179,29,32,1230,324.98,325.98,0,0,55
1330534,30,32,1230,324.04,322.04,0,0,285
1114254,31,32,1230,310.4,311.4,0,0,203
1392062,32,32,1230,317.22,317.22,0,0,257
1076576,33,32,1230,316.22,316.22,0,0,230
1003539,34,32,1230,319.19,317.19,0,0,190
1485887,35,32,1230,310.4,312.4,0,0,163
1476201,36,32,1230,323.98,323.98,0,0,68
1495933,37,32,1230,295.91,294.91,0,0,190
1004877,38,32,1230,298.79,299.79,0,0,189
1021498,39,32,1230,325.98,325.98,0,0,55
1143736,40,32,1230,293.91,295.91,0,0,149
1079597,41,32,1230,300.7,301.7,0,0,96
1086796,42,32,1230,286.15,287.15,0,0,161
1229744,43,32,1230,264.81,266.81,0,0,82
1057169,44,32,1230,324.98,323.98,0,0,107
1089269,45,32,1230,323.01,324.01,0,0,134
1190252,46,32,1230,306.52,306.52,0,0,324
1123070,47,32,1230,320.16,319.16,0,0,324
1345757,48,32,1230,319.19,319.19,0,0,365
1068785,49,32,1230,286.15,317.19,1,0,270
1235765,50,32,1230,286.18,318.19,0,0,149
1467228,51,32,1230,279.39,319.19,1,0,243
1066692,52,32,1230,291.03,318.19,1,0,378
1373097,53,32,1230,316.25,317.25,0,0,204
1287797,54,32,1230,321.13,319.13,0,0,163
1484572,55,32,1230,323.01,324.01,0,0,215
1482827,56,32,1230,320.13,321.13,0,0,298
1189859,57,32,1230,315.28,314.28,0,0,134
1201960,58,32,1230,309.49,307.49,0,0,135
1126958,59,32,1230,313.34,314.34,0,0,188
1444102,60,32,1230,322.1,321.1,0,0,122
1249457,61,32,1230,317.25,317.25,0,0,109
1352437,62,32,1230,322.07,322.07,0,0,203
1215632,63,32,1230,298.82,298.82,0,0,136
1295362,64,32,1230,318.19,319.19,0,0,68
1071954,65,32,1230,322.1,322.1,0,0,244
1122378,66,32,1230,309.46,308.46,0,0,95
1108258,67,32,1230,302.7,300.7,0,0,176
1181956,68,32,1230,321.07,322.07,0,0,203
1044733,69,32,1230,319.13,321.13,0,0,175
1491993,70,32,1230,307.52,307.52,0,0,204
1485278,71,32,1230,316.28,316.28,0,0,188
1121019,72,32,1230,316.25,316.25,0,0,217
1127034,73,32,1230,304.61,304.61,0,0,175
1446154,74,32,1230,325.01,325.01,0,0,109
1436329,75,32,1230,306.58,305.58,0,0,135
1018419,76,32,1230,320.16,319.16,0,0,175
1131642,77,32,1230,320.1,321.1,0,0,230
1346259,78,32,1230,317.19,318.19,0,0,204
1254617,79,32,1230,321.07,322.07,0,0,163
1405863,80,32,1230,317.25,315.25,0,0,285
1241240,81,32,1230,324.98,324.98,0,0,81
1373476,82,32,1230,321.13,320.13,0,0,217
1454908,83,32,1230,317.25,316.25,0,0,257
1124610,84,32,1230,321.13,320.13,0,0,339
1176238,85,32,1230,320.1,322.1,0,0,122
1095007,86,32,1230,310.43,310.43,0,0,94
1452641,87,32,1230,312.34,312.34,0,0,189
1491637,88,32,1230,324.98,324.98,0,0,150
1273499,89,32,1230,318.19,319.19,0,0,134
1025184,90,32,1230,323.98,323.98,0,0,95
1258440,91,32,1230,321.13,320.13,0,0,270
1138337,92,32,1230,316.22,318.22,0,0,189
1398312,93,32,1230,325.01,325.01,0,0,109
1446952,94,32,1230,322.1,320.1,0,0,123
1035246,95,32,1230,324.01,323.01,0,0,95
1259424,96,32,1230,319.19,318.19,0,0,271
1338237,97,32,1230,324.98,323.98,0,0,190
1088234,98,32,1230,311.43,309.43,0,0,95
1248693,99,32,1230,290.06,291.06,0,0,338
1195552,100,32,1230,313.31,314.31,0,0,121
1080335,101,32,1230,285.18,315.31,1,0,258
1034896,102,32,1230,288.15,286.15,0,0,230
1372736,103,32,1230,290.03,292.03,0,0,150
1226460,104,32,1230,290.06,291.06,0,0,121
1412116,105,32,1230,287.15,288.15,0,0,217
1065525,106,32,1230,288.15,287.15,0,0,296
1165126,107,32,1230,291.06,291.06,0,0,204
1147178,108,32,1230,284.27,284.27,0,0,310
1233052,109,32,1230,287.12,287.12,0,0,284
1055258,110,32,1230,317.19,319.19,0,0,148
1464399,111,32,1230,322.07,317.19,1,0,162
1275134,112,32,1230,320.1,318.19,0,1,298
1380254,113,32,1230,322.04,322.04,0,0,297
1361212,114,32,1230,318.19,318.19,0,0,202
1445270,115,32,1230,320.13,319.13,0,0,204
1180602,116,32,1230,322.1,320.1,0,0,122
1041983,117,32,1230,319.19,319.19,0,0,136
1034731,118,32,1230,323.07,322.07,0,0,161
1472130,119,32,1230,315.25,317.25,0,0,123
1012626,120,32,1230,321.1,322.1,0,0,244
1070539,121,32,1230,321.1,321.1,1,0,122
1300177,122,32,1230,322.1,321.1,0,1,134
1381008,123,32,1230,320.16,318.16,0,0,256
1414094,124,32,1230,317.19,317.19,0,0,136
1345693,125,32,1230,320.13,319.13,0,0,216
1018007,126,32,1230,314.34,313.34,0,0,216
1341357,127,32,1230,363.75,363.75,0,0,134
1469025,128,32,1230,363.81,361.81,0,0,177
1083488,129,32,1230,322.07,361.81,1,1,202
1387188,130,32,1230,319.13,362.81,0,0,312
1450321,131,32,1230,315.25,363.81,0,0,270
1140509,132,32,1230,321.07,361.81,1,0,270
1236624,133,32,1230,355.02,355.02,0,0,243
1009153,134,32,1230,360.9,359.9,0,0,163
1107682,135,32,1230,356.05,355.05,0,0,162
1377306,136,32,1230,359.87,361.87,0,0,190
1374159,137,32,1230,360.87,361.87,0,0,190
1311701,138,32,1230,366.72,366.72,0,0,135
1287140,139,32,1230,361.81,361.81,0,0,108
1314023,140,32,1230,360.9,359.9,0,0,215
1480164,141,32,1230,359.87,359.87,0,0,257
1112150,142,32,1230,359.9,359.9,0,0,109
1447343,143,32,1230,369.63,368.63,0,0,67
1361515,144,32,1230,365.72,366.72,0,0,163
1441103,145,32,1230,369.63,369.63,0,0,107
1026919,1,32,2322,325.98,324.98,0,0,82
1051779,2,32,2322,325.98,323.98,0,0,80
1399211,3,32,2322,319.16,320.16,0,0,81
1122635,4,32,2322,313.37,311.37,0,0,109
1226247,5,32,2322,316.28,314.28,0,0,95
1193414,6,32,2322,319.13,321.13,0,0,190
1125073,7,32,2322,315.31,314.31,0,0,163
1368816,8,32,2322,319.13,321.13,0,0,96
1374270,10,32,2322,323.98,325.98,0,0,54
1077676,11,32,2322,321.13,319.13,0,0,95
1236599,12,32,2322,310.4,312.4,0,0,161
1114466,13,32,2322,314.31,315.31,0,0,161
1170112,14,32,2322,323.98,325.98,0,0,135
1081353,15,32,2322,316.25,315.25,0,0,161
1287878,16,32,2322,325.98,323.98,0,0,188
1042483,17,32,2322,315.25,323.98,1,0,150
1102048,18,32,2322,322.07,324.98,1,0,204
1332555,19,32,2322,323.01,324.01,0,0,96
1281748,20,32,2322,317.19,319.19,0,0,204
1352953,21,32,2322,315.25,315.25,0,0,109
1400746,22,32,2322,323.07,321.07,0,0,176
1390621,23,32,2322,317.19,318.19,0,0,216
1399056,24,32,2322,317.25,315.25,0,0,149
1229066,25,32,2322,319.16,319.16,0,0,161
1088437,26,32,2322,325.01,324.01,0,0,189
1457329,27,32,2322,324.01,323.01,0,0,229
1315897,28,32,2322,319.13,319.13,0,0,297
1183498,29,32,2322,318.16,319.16,0,0,150
1253310,30,32,2322,324.01,324.01,0,0,123
1093320,31,32,2322,321.07,322.07,0,0,188
1444805,32,32,2322,305.58,305.58,0,0,161
1083731,33,32,2322,321.1,321.1,0,0,150
1467307,34,32,2322,316.28,314.28,0,0,82
1337549,35,32,2322,316.25,315.25,0,0,161
1256970,36,32,2322,309.43,310.43,0,0,121
1478929,37,32,2322,321.07,323.07,0,0,163
1108292,38,32,2322,298.79,299.79,0,0,69
1098127,39,32,2322,313.37,312.37,0,0,121
1355916,40,32,2322,298.82,297.82,0,0,163
1043547,41,32,2322,300.73,300.73,0,0,203
1203381,42,32,2322,321.1,320.1,0,0,136
1141123,43,32,2322,323.07,323.07,0,0,162
1032072,44,32,2322,314.34,313.34,0,0,188
1030636,45,32,2322,315.28,316.28,0,0,339
1147202,46,32,2322,320.16,318.16,0,0,271
1180838,47,32,2322,307.49,307.49,0,0,285
1051104,48,32,2322,321.1,320.1,0,0,393
1072479,49,32,2322,289.06,320.1,1,0,379
1464673,50,32,2322,286.18,321.1,0,0,323
1472676,51,32,2322,289.09,320.1,1,0,176
1473505,52,32,2322,287.15,322.1,1,0,406
1376520,53,32,2322,314.28,314.28,0,0,418
1075721,54,32,2322,323.04,324.04,0,0,229
1006568,55,32,2322,325.01,323.01,0,0,229
1234930,56,32,2322,321.13,320.13,0,0,190
1327302,57,32,2322,315.31,315.31,0,0,176
1493007,58,32,2322,322.1,321.1,0,0,121
1374682,59,32,2322,321.07,322.07,0,0,175
1267880,60,32,2322,313.34,313.34,0,0,325
1387623,61,32,2322,320.13,320.13,0,0,217
1410881,62,32,2322,325.98,325.98,0,0,68
1373772,63,32,2322,325.98,323.98,0,0,14
1422461,64,32,2322,323.07,323.07,0,0,162
1063164,65,32,2322,322.1,322.1,0,0,108
1265454,66,32,2322,315.25,316.25,0,0,67
1354616,67,32,2322,323.98,323.98,0,0,53
1015369,68,32,2322,323.07,322.07,0,0,189
1376123,69,32,2322,320.16,320.16,0,0,149
1263615,70,32,2322,299.76,298.76,0,0,123
1442855,71,32,2322,319.19,318.19,0,0,392
1088077,72,32,2322,311.4,310.4,0,0,136
1333976,73,32,2322,317.19,317.19,0,0,203
1274378,74,32,2322,317.22,317.22,0,0,283
1059818,75,32,2322,321.1,320.1,0,0,230
1068282,76,32,2322,325.98,323.98,0,0,177
1410337,77,32,2322,319.16,319.16,0,0,161
1227489,78,32,2322,320.13,321.13,0,0,230
1087509,79,32,2322,319.13,319.13,0,0,271
1196126,80,32,2322,315.28,316.28,0,0,189
1419178,81,32,2322,323.01,323.01,0,0,95
1282750,82,32,2322,322.07,321.07,0,0,189
1499814,83,32,2322,313.31,314.31,0,0,202
1213343,84,32,2322,318.16,319.16,0,0,229
1301492,85,32,2322,325.98,325.98,0,0,41
1479424,86,32,2322,304.58,304.58,0,0,108
1481438,87,32,2322,325.01,324.01,0,0,149
1020377,88,32,2322,323.07,321.07,0,0,163
1200972,89,32,2322,315.28,316.28,0,0,82
1389101,90,32,2322,325.98,323.98,0,0,81
1328952,91,32,2322,325.98,324.98,0,0,109
1249535,92,32,2322,317.22,318.22,0,0,176
1032928,93,32,2322,315.28,316.28,0,0,136
1275879,94,32,2322,312.4,311.4,0,0,94
1101471,95,32,2322,315.31,314.31,0,0,82
1139129,96,32,2322,319.16,318.16,0,0,312
1280861,97,32,2322,316.25,316.25,0,0,204
1498257,98,32,2322,312.4,312.4,0,0,190
1358720,99,32,2322,292.03,292.03,0,0,121
1115285,100,32,2322,309.49,308.49,0,0,161
1089610,101,32,2322,284.21,308.49,1,0,202
1332284,102,32,2322,293,291,0,0,135
1422345,103,32,2322,290.09,289.09,0,0,175
1170458,104,32,2322,277.42,278.42,0,0,94
1111356,105,32,2322,283.3,281.3,0,0,189
1115624,106,32,2322,282.27,284.27,0,0,203
1320786,107,32,2322,291.03,292.03,0,0,41
1261907,108,32,2322,282.3,281.3,0,0,95
1166598,109,32,2322,280.36,279.36,0,0,189
1396215,110,32,2322,325.98,324.98,0,0,162
1040837,111,32,2322,322.1,323.98,1,1,258
1278560,112,32,2322,303.61,324.98,0,1,81
1048815,113,32,2322,319.13,319.13,0,0,175
1223749,114,32,2322,321.07,323.07,0,0,162
1063914,115,32,2322,324.98,325.98,0,0,176
1400455,116,32,2322,316.25,315.25,0,0,215
1413952,117,32,2322,319.19,317.19,0,0,189
1253490,118,32,2322,314.31,314.31,0,0,203
1157815,119,32,2322,323.04,323.04,0,0,203
1429341,120,32,2322,324.04,323.04,0,0,296
1263693,121,32,2322,319.13,324.04,1,0,256
1059929,122,32,2322,317.22,323.04,0,1,231
1384752,123,32,2322,318.19,319.19,0,0,271
1038636,124,32,2322,309.43,311.43,0,0,204
1209618,125,32,2322,317.22,318.22,0,0,215
1488467,126,32,2322,317.25,315.25,0,0,150
1070814,127,32,2322,355.05,354.05,0,0,338
1327773,128,32,2322,362.78,363.78,0,0,81
1259246,129,32,2322,316.22,362.78,1,0,283
1270941,130,32,2322,320.13,364.78,0,1,473
1033465,131,32,2322,320.13,364.78,0,1,433
1119755,132,32,2322,315.31,362.78,1,0,339
1438315,133,32,2322,361.87,361.87,0,0,204
1473924,134,32,2322,357.99,355.99,0,0,256
1404382,135,32,2322,369.63,369.63,0,0,123
1300236,136,32,2322,358.96,356.96,0,0,202
1102506,137,32,2322,363.81,362.81,0,0,163
1101891,138,32,2322,357.93,359.93,0,0,54
1052214,139,32,2322,368.63,369.63,0,0,121
1188246,140,32,2322,362.78,364.78,0,0,175
1424278,141,32,2322,367.63,367.63,0,0,136
1197418,142,32,2322,368.63,367.63,0,0,175
1295309,143,32,2322,358.93,357.93,0,0,177
1466705,144,32,2322,362.78,364.78,0,0,136
1496821,145,32,2322,358.96,356.96,0,0,121
